// Jest Snapshot v1, https://goo.gl/fbAQLP

exports[`fixtures build package: empty 1`] = `
"warn: Missing key: \\"source\\" in package.json file.
log: Nothing to build."
`;

exports[`fixtures build package: empty 2`] = `Array []`;

exports[`fixtures build package: simple 1`] = `
"log: Building...
log:     dist/index.js
log:     dist/index.mjs
log: Done."
`;

exports[`fixtures build package: simple 2`] = `
Array [
  Array [
    "dist/index.js",
    true,
  ],
  Array [
    "dist/index.mjs",
    true,
  ],
]
`;
